
> wallantq-luxury-website@1.0.0 build
> vite build

[36mvite v5.4.21 [32mbuilding for production...[36m[39m
transforming...
[32mΓ£ô[39m 457 modules transformed.
rendering chunks...
computing gzip size...
[2mdist/[22m[32mindex.html                 [39m[1m[2m  0.89 kB[22m[1m[22m[2m Γöé gzip:   0.46 kB[22m
[2mdist/[22m[35massets/index-BYnayN6H.css  [39m[1m[2m 20.46 kB[22m[1m[22m[2m Γöé gzip:   4.92 kB[22m
[2mdist/[22m[36massets/index-i_YWQ8Qr.js   [39m[1m[2m392.79 kB[22m[1m[22m[2m Γöé gzip: 123.15 kB[22m
[32mΓ£ô built in 7.20s[39m
